[digitonaut.com/art/caleidoscopio/index.html]
[digitonaut.com/art/candy_curves/index.html]
[digitonaut.com/art/canyon_pass/index.html]
[backblue.gif]
[fade.gif]
[index.html]
[digitonaut.com/art/carpet_pixels_symbols/index.html]
[digitonaut.com/art/caleidoscopio/openProcessing.js]
[digitonaut.com/art/captain_harlocks_maiden_voyage/index.html]
[digitonaut.com/art/car_ride/index.html]
[digitonaut.com/art/castle_in_a_book/index.html]
[digitonaut.com/art/cave_entrance/index.html]
[digitonaut.com/art/cellular/index.html]
[digitonaut.com/art/cellular_animated_blocks/index.html]
[digitonaut.com/art/centre_of_gravity/index.html]
[digitonaut.com/art/chaos_dancer_art/index.html]
[digitonaut.com/art/chrome_effect/index.html]
[digitonaut.com/art/cielab_color_space/index.html]
[digitonaut.com/art/circle_strings/index.html]
[digitonaut.com/art/circles_of_randomness/index.html]
[digitonaut.com/art/circular_art_system/index.html]
[digitonaut.com/art/circular_gate/index.html]
[digitonaut.com/art/circular_mover/index.html]
[digitonaut.com/art/circular_trail/index.html]
[digitonaut.com/art/circumscribed_circles/index.html]
[digitonaut.com/art/city_exploration/index.html]
[digitonaut.com/art/city_in_the_rain/index.html]
[digitonaut.com/art/cloudy_shapes/index.html]
[digitonaut.com/art/caleidoscopio/index.html]
[digitonaut.com/art/caleidoscopio/script.js]
[digitonaut.com/art/cloudy_sunset/index.html]
[digitonaut.com/art/coalesce_10/index.html]
[digitonaut.com/art/coalesce_12/index.html]
[digitonaut.com/art/candy_curves/openProcessing.js]
[digitonaut.com/art/coalesce_20/index.html]
[digitonaut.com/art/coaster_jungle/index.html]
[digitonaut.com/art/collapsing-architecture/index.html]
[digitonaut.com/art/color_dots/index.html]
[digitonaut.com/art/color_grid/index.html]
[digitonaut.com/art/colored_eclipse/index.html]
[digitonaut.com/art/colored_ripple/index.html]
[digitonaut.com/art/colored_fishes/index.html]
[digitonaut.com/art/colorful_infinity/index.html]
[digitonaut.com/art/colorful_voronoi/index.html]
[digitonaut.com/art/colour_wars/index.html]
[digitonaut.com/art/complex_parquetry/index.html]
[digitonaut.com/art/connected_particules_art/index.html]
[digitonaut.com/art/connected_place/index.html]
[digitonaut.com/art/corded_balls/index.html]
[digitonaut.com/art/corridor_in_mirror/index.html]
[digitonaut.com/art/cosmic_travel/index.html]
[digitonaut.com/art/cosmic-web/index.html]
[digitonaut.com/art/cosmos_motion/index.html]
[digitonaut.com/art/crazy_springs/index.html]
[digitonaut.com/art/crazy_tunel/index.html]
[digitonaut.com/art/creative_voronoi/index.html]
[digitonaut.com/art/cube_fall/index.html]
[digitonaut.com/art/cube_singularity/index.html]
[digitonaut.com/art/cube_travelling/index.html]
[digitonaut.com/art/cubic_entanglement/index.html]
[digitonaut.com/art/cubic_lattice/index.html]
[digitonaut.com/art/cubic_toris_tunnel/index.html]
[digitonaut.com/art/candy_curves/script.js]
[digitonaut.com/art/candy_curves/index.html]
[digitonaut.com/art/cubic_transport_wormhole/index.html]
[digitonaut.com/art/curve_follower/index.html]
[digitonaut.com/art/cutrell_art/index.html]
[digitonaut.com/art/cyberspace_data_warehouse/index.html]
[digitonaut.com/art/cypher/index.html]
[digitonaut.com/art/canyon_pass/shader-web-background.min.js]
[digitonaut.com/art/canyon_pass/ichannel0.jpg]
[digitonaut.com/art/canyon_pass/index.html]
[digitonaut.com/art/captain_harlocks_maiden_voyage/shader-web-background.min.js]
[digitonaut.com/art/captain_harlocks_maiden_voyage/ichannel0.jpg]
[digitonaut.com/art/captain_harlocks_maiden_voyage/index.html]
[digitonaut.com/art/car_ride/main.js]
[digitonaut.com/art/car_ride/index.html]
[digitonaut.com/art/carpet_pixels_symbols/openProcessing.js]
[digitonaut.com/art/car_ride/three.min.js]
[digitonaut.com/art/carpet_pixels_symbols/script.js]
[digitonaut.com/art/carpet_pixels_symbols/index.html]
[digitonaut.com/art/castle_in_a_book/three.min.js]
[digitonaut.com/art/castle_in_a_book/main.js]
[digitonaut.com/art/castle_in_a_book/index.html]
[digitonaut.com/art/caleidoscopio/p5.js]
[digitonaut.com/art/cave_entrance/shader-web-background.min.js]
[digitonaut.com/art/cave_entrance/ichannel0.jpg]
[digitonaut.com/art/cave_entrance/index.html]
[digitonaut.com/art/cellular/shader-web-background.min.js]
[digitonaut.com/art/cellular/index.html]
[digitonaut.com/art/cellular_animated_blocks/shader-web-background.min.js]
[digitonaut.com/art/cellular_animated_blocks/index.html]
[digitonaut.com/art/centre_of_gravity/style.css]
[digitonaut.com/art/centre_of_gravity/nx_eso0932a.jpg]
[digitonaut.com/art/candy_curves/p5.js]
[digitonaut.com/art/centre_of_gravity/py_eso0932a.jpg]
[digitonaut.com/art/centre_of_gravity/ny_eso0932a.jpg]
[digitonaut.com/art/centre_of_gravity/pz_eso0932a.jpg]
[digitonaut.com/art/centre_of_gravity/nz_eso0932a.jpg]
[digitonaut.com/art/centre_of_gravity/moon_540x270.jpg]
[digitonaut.com/art/carpet_pixels_symbols/p5.js]
[digitonaut.com/art/centre_of_gravity/index.html]
[digitonaut.com/art/chaos_dancer_art/openProcessing.js]
[digitonaut.com/art/chaos_dancer_art/index.html]
[digitonaut.com/art/chaos_dancer_art/script.js]
[digitonaut.com/art/chrome_effect/three.min.js]
[digitonaut.com/art/chrome_effect/script.js]
[digitonaut.com/art/chrome_effect/index.html]
[digitonaut.com/art/cielab_color_space/index.html]
[digitonaut.com/art/cielab_color_space/processing.min.js]
[digitonaut.com/art/circle_strings/index.html]
[digitonaut.com/art/circle_strings/css-doodle.min.js]
[digitonaut.com/art/circles_of_randomness/index.html]
[digitonaut.com/art/circles_of_randomness/script.js]
[digitonaut.com/art/circular_art_system/openProcessing.js]
[digitonaut.com/art/circular_art_system/index.html]
[digitonaut.com/art/circular_art_system/script.js]
[digitonaut.com/art/circular_gate/index.html]
[digitonaut.com/art/circular_gate/script.js]
[digitonaut.com/art/circular_mover/openProcessing.js]
[digitonaut.com/art/circular_mover/index.html]
[digitonaut.com/art/circular_mover/script.js]
[digitonaut.com/art/circular_trail/script.js]
[digitonaut.com/art/circular_trail/index.html]
[digitonaut.com/art/circumscribed_circles/openProcessing.js]
[digitonaut.com/art/chaos_dancer_art/p5.js]
[digitonaut.com/art/circumscribed_circles/script.js]
[digitonaut.com/art/circumscribed_circles/index.html]
[stackpath.bootstrapcdn.com/bootstrap/4.2.1/css/bootstrap.min.css]
[digitonaut.com/art/city_exploration/three.min.js]
[digitonaut.com/art/city_exploration/TweenMax.min.js]
[digitonaut.com/art/city_exploration/bootstrap.min.js]
[digitonaut.com/art/city_exploration/dat.gui.min.js]
[digitonaut.com/art/city_exploration/OrbitControls.js]
[digitonaut.com/art/city_exploration/script.js]
[digitonaut.com/art/city_exploration/index.html]
[digitonaut.com/art/circular_art_system/p5.js]
[digitonaut.com/art/city_in_the_rain/shader-web-background.min.js]
[digitonaut.com/art/city_in_the_rain/index.html]
[digitonaut.com/art/cloudy_shapes/index.html]
[digitonaut.com/art/cloudy_shapes/shader-web-background.min.js]
[digitonaut.com/art/cloudy_sunset/index.html]
[digitonaut.com/art/cloudy_sunset/shader-web-background.min.js]
[digitonaut.com/art/coalesce_10/GPUComputationRenderer.js]
[digitonaut.com/art/coalesce_10/orbiting.js]
[digitonaut.com/art/coalesce_10/ccapture.js]
[digitonaut.com/art/coalesce_10/script.js]
[digitonaut.com/art/coalesce_10/index.html]
[digitonaut.com/art/circular_mover/p5.js]
[digitonaut.com/art/coalesce_12/GPUComputationRenderer.js]
[digitonaut.com/art/circumscribed_circles/p5.js]
[digitonaut.com/art/coalesce_12/orbiting.js]
[digitonaut.com/art/coalesce_12/script.js]
[digitonaut.com/art/coalesce_12/index.html]
[digitonaut.com/art/coalesce_12/ccapture.js]
[digitonaut.com/art/coalesce_20/GPUComputationRenderer.js]
[digitonaut.com/art/coalesce_20/orbiting.js]
[digitonaut.com/art/coalesce_10/three.min.js]
[digitonaut.com/art/coalesce_20/index.html]
[digitonaut.com/art/coalesce_20/script.js]
[digitonaut.com/art/coalesce_20/ccapture.js]
[digitonaut.com/art/coaster_jungle/main.js]
[digitonaut.com/art/coaster_jungle/index.html]
[digitonaut.com/art/collapsing-architecture/shader-web-background.min.js]
[digitonaut.com/art/collapsing-architecture/index.html]
[digitonaut.com/art/color_dots/shader-doodle.umd.js]
[digitonaut.com/art/coalesce_12/three.min.js]
[digitonaut.com/art/color_dots/index.html]
[digitonaut.com/art/color_grid/shader-web-background.min.js]
[digitonaut.com/art/color_grid/index.html]
[digitonaut.com/art/colored_eclipse/shader-web-background.min.js]
[digitonaut.com/art/color_dots/script.js]
[digitonaut.com/art/colored_eclipse/index.html]
[digitonaut.com/art/colored_fishes/script.js]
[digitonaut.com/art/colored_fishes/index.html]
[digitonaut.com/art/colored_fishes/css-doodle.min.js]
[digitonaut.com/art/colored_ripple/index.html]
[digitonaut.com/art/colorful_infinity/shader-web-background.min.js]
[digitonaut.com/art/colorful_infinity/index.html]
[digitonaut.com/art/colored_ripple/css-doodle.min.js]
[digitonaut.com/art/colorful_voronoi/index.html]
[digitonaut.com/art/colorful_voronoi/main.js]
[digitonaut.com/art/colour_wars/normalize.min.css]
[digitonaut.com/art/coalesce_20/three.min.js]
[digitonaut.com/art/colour_wars/index.html]
[digitonaut.com/art/colour_wars/script.js]
[digitonaut.com/art/coaster_jungle/three.min.js]
[digitonaut.com/art/complex_parquetry/index.html]
[digitonaut.com/art/complex_parquetry/script.js]
[digitonaut.com/art/connected_particules_art/openProcessing.js]
[digitonaut.com/art/complex_parquetry/ccapture.js]
[digitonaut.com/art/colorful_voronoi/three.min.js]
[digitonaut.com/art/connected_particules_art/index.html]
[digitonaut.com/art/connected_particules_art/script.js]
[digitonaut.com/art/connected_place/index.html]
[digitonaut.com/art/connected_place/shader-web-background.min.js]
[digitonaut.com/art/corded_balls/index.html]
[digitonaut.com/art/corded_balls/script.js]
[digitonaut.com/art/corridor_in_mirror/index.html]
[digitonaut.com/art/corridor_in_mirror/main.js]
[digitonaut.com/art/cosmic_travel/shader-web-background.min.js]
[digitonaut.com/art/cosmic_travel/index.html]
[digitonaut.com/art/cosmic-web/hub_events.js]
[digitonaut.com/art/cosmic-web/vector.js]
[digitonaut.com/art/cosmic-web/index.html]
[digitonaut.com/art/cosmos_motion/modernizr.min.js]
[digitonaut.com/art/cosmos_motion/normalize.min.css]
[digitonaut.com/art/cosmos_motion/index.html]
[digitonaut.com/art/crazy_springs/shader-web-background.min.js]
[digitonaut.com/art/crazy_springs/index.html]
[digitonaut.com/art/complex_parquetry/three.min.js]
[digitonaut.com/art/crazy_tunel/perlin.js]
[digitonaut.com/art/crazy_tunel/script.js]
[digitonaut.com/art/crazy_tunel/index.html]
[digitonaut.com/art/corridor_in_mirror/three.min.js]
[digitonaut.com/art/creative_voronoi/main.js]
[digitonaut.com/art/creative_voronoi/index.html]
[digitonaut.com/art/crazy_tunel/three.min.js]
[digitonaut.com/art/cube_fall/main.js]
[digitonaut.com/art/cube_fall/index.html]
[digitonaut.com/art/cube_singularity/shader-web-background.min.js]
[digitonaut.com/art/cube_singularity/index.html]
[digitonaut.com/art/creative_voronoi/three.min.js]
[digitonaut.com/art/cube_travelling/script.js]
[digitonaut.com/art/cube_travelling/index.html]
[digitonaut.com/art/cubic_entanglement/shader-web-background.min.js]
[digitonaut.com/art/cubic_entanglement/index.html]
[digitonaut.com/art/cubic_lattice/shader-web-background.min.js]
[digitonaut.com/art/cubic_lattice/index.html]
[digitonaut.com/art/cubic_toris_tunnel/shader-web-background.min.js]
[digitonaut.com/art/cubic_toris_tunnel/index.html]
[digitonaut.com/art/cubic_transport_wormhole/shader-web-background.min.js]
[digitonaut.com/art/cubic_transport_wormhole/index.html]
[digitonaut.com/art/cube_fall/three.min.js]
[digitonaut.com/art/curve_follower/follow-spline.js]
[digitonaut.com/art/curve_follower/index.html]
[digitonaut.com/art/curve_follower/script.js]
[digitonaut.com/art/cutrell_art/normalize.min.css]
[digitonaut.com/art/cutrell_art/index.html]
[digitonaut.com/art/cutrell_art/script.js]
[digitonaut.com/art/cyberspace_data_warehouse/shader-web-background.min.js]
[digitonaut.com/art/cyberspace_data_warehouse/index.html]
[digitonaut.com/art/cypher/shader-web-background.min.js]
[digitonaut.com/art/cypher/index.html]
[digitonaut.com/art/car_ride/main.css]
[digitonaut.com/art/castle_in_a_book/main.css]
[digitonaut.com/art/centre_of_gravity/style.css]
[digitonaut.com/art/chrome_effect/style.css]
[digitonaut.com/art/circle_strings/style.css]
[digitonaut.com/art/circles_of_randomness/style.css]
[digitonaut.com/art/circular_gate/reset.min.css]
[digitonaut.com/art/circular_gate/style.css]
[digitonaut.com/art/circular_trail/style.css]
[stackpath.bootstrapcdn.com/bootstrap/4.2.1/css/bootstrap.min.css]
[digitonaut.com/art/city_exploration/style.css]
[digitonaut.com/art/coalesce_10/style.css]
[digitonaut.com/art/coalesce_12/style.css]
[digitonaut.com/art/coalesce_20/style.css]
[digitonaut.com/art/coaster_jungle/main.css]
[digitonaut.com/art/color_dots/style.css]
[digitonaut.com/art/colored_fishes/style.css]
[digitonaut.com/art/colored_ripple/style.css]
[digitonaut.com/art/colorful_voronoi/main.css]
[digitonaut.com/art/colour_wars/normalize.min.css]
[digitonaut.com/art/colour_wars/style.css]
[digitonaut.com/art/complex_parquetry/style.css]
[digitonaut.com/art/cube_travelling/70_three.min.js]
[digitonaut.com/art/curve_follower/three.min.js]
[digitonaut.com/art/connected_particules_art/p5.js]
[digitonaut.com/art/corded_balls/style.css]
[digitonaut.com/art/corridor_in_mirror/main.css]
[digitonaut.com/art/cosmos_motion/normalize.min.css]
[digitonaut.com/art/crazy_tunel/style.css]
[digitonaut.com/art/creative_voronoi/main.css]
[digitonaut.com/art/cube_fall/main.css]
[digitonaut.com/art/cube_travelling/style.css]
[digitonaut.com/art/curve_follower/style.css]
[digitonaut.com/art/cutrell_art/normalize.min.css]
[digitonaut.com/art/cutrell_art/style.css]
